#-----------------------------------------------------------
# Vivado v2023.1 (64-bit)
# SW Build 3865809 on Sun May  7 15:05:29 MDT 2023
# IP Build 3864474 on Sun May  7 20:36:21 MDT 2023
# SharedData Build 3865790 on Sun May 07 13:33:03 MDT 2023
# Start of session at: Tue Feb 18 16:44:46 2025
# Process ID: 1364
# Current directory: C:/Users/alfonsomoggio/Desktop/Elaborato_ASDI/1_Reti_Combinatorie_Elementari/Esercizio_2.2/Esercizio_2.2.runs/impl_1
# Command line: vivado.exe -log Sistema_S.vdi -applog -product Vivado -messageDb vivado.pb -mode batch -source Sistema_S.tcl -notrace
# Log file: C:/Users/alfonsomoggio/Desktop/Elaborato_ASDI/1_Reti_Combinatorie_Elementari/Esercizio_2.2/Esercizio_2.2.runs/impl_1/Sistema_S.vdi
# Journal file: C:/Users/alfonsomoggio/Desktop/Elaborato_ASDI/1_Reti_Combinatorie_Elementari/Esercizio_2.2/Esercizio_2.2.runs/impl_1\vivado.jou
# Running On: ALFONSOMOGGD51E, OS: Windows, CPU Frequency: 2904 MHz, CPU Physical cores: 2, Host memory: 3201 MB
#-----------------------------------------------------------
source Sistema_S.tcl -notrace
